#-----------------------------------------------------------
# updatemem v2017.2 (64-bit)
# SW Build 1909853 on Thu Jun 15 18:39:09 MDT 2017
# 
# Start of session at: Fri Jan 12 15:16:27 2018
# Process ID: 17012
# Current directory: c:/Users/Karma/Documents/workspace/final_project/project_bubble_vga_addblocks
# Command line: updatemem.exe -mode batch -source C:/Xilinx/SDK/2017.2/scripts/updatemem/main.tcl -notrace -tclargs -meminfo C:/Users/Karma/Documents/workspace/final_project/project_bubble_vga_addblocks/project_bubble_vga_addblocks.sdk/system_wrapper_hw_platform_0/system_wrapper.mmi -data C:/Xilinx/SDK/2017.2/data/embeddedsw/lib/microblaze/mb_bootloop_le.elf -proc system_i/microblaze_0 -bit C:/Users/Karma/Documents/workspace/final_project/project_bubble_vga_addblocks/project_bubble_vga_addblocks.sdk/system_wrapper_hw_platform_0/system_wrapper.bit -out C:/Users/Karma/Documents/workspace/final_project/project_bubble_vga_addblocks/project_bubble_vga_addblocks.sdk/system_wrapper_hw_platform_0/download.bit -force
# Log file: c:/Users/Karma/Documents/workspace/final_project/project_bubble_vga_addblocks/updatemem.log
# Journal file: c:/Users/Karma/Documents/workspace/final_project/project_bubble_vga_addblocks\updatemem.jou
#-----------------------------------------------------------
source C:/Xilinx/SDK/2017.2/scripts/updatemem/main.tcl -notrace
